// Jest Snapshot v1, https://goo.gl/fbAQLP

exports[`compose 1`] = `
Array [
  "big.css",
  "big.js",
  "highlight.css",
  "highlight.js",
  "index.html",
  "index.md",
  "rubik-v4-latin-regular.woff",
  "rubik-v4-latin-regular.woff2",
]
`;

exports[`compose 2`] = `
"<!DOCTYPE html>
<html>
<head>
  <meta charset='utf-8'>
  <meta name='viewport' content='width=device-width, initial-scale=1.0, maximum-scale=1.0, user-scalable=0' />
  <title>big</title>
  <link href='big.css' rel='stylesheet' type='text/css' />
  <link href='highlight.css' rel='stylesheet' type='text/css' />
  <style>
    .new-shiny { background: #aaaaaa; }
  </style>
  <script src='big.js'></script>
  <script src='highlight.js'></script>
  <script>hljs.initHighlightingOnLoad();</script>
</head>
<body class='light'>
  <div><h1 id=\\"hi\\">hi</h1>
</div>
</body>
</html>
"
`;
